   Γû▓ Next.js 15.4.4
   - Environments: .env
   - Experiments (use with caution):
     ┬╖ optimizePackageImports

   Creating an optimized production build ...
 Γ£ô Compiled successfully in 17.0s
   Skipping linting
   Checking validity of types ...
