src/components/onboarding/card.tsx(274,12): error TS2678: Type '"description"' is not comparable to type 'OnboardingStep'.
src/components/onboarding/card.tsx(276,12): error TS2678: Type '"location"' is not comparable to type 'OnboardingStep'.
src/components/onboarding/card.tsx(278,12): error TS2678: Type '"capacity"' is not comparable to type 'OnboardingStep'.
src/components/onboarding/card.tsx(280,12): error TS2678: Type '"price"' is not comparable to type 'OnboardingStep'.
src/components/onboarding/finish-setup/action.ts(5,3): error TS2305: Module '"@/lib/auth-security"' has no exported member 'requireSchoolOwnership'.
src/components/onboarding/form.tsx(39,12): error TS2678: Type '"description"' is not comparable to type 'OnboardingStep'.
src/components/onboarding/form.tsx(41,12): error TS2678: Type '"location"' is not comparable to type 'OnboardingStep'.
src/components/onboarding/form.tsx(43,12): error TS2678: Type '"capacity"' is not comparable to type 'OnboardingStep'.
src/components/onboarding/form.tsx(45,12): error TS2678: Type '"price"' is not comparable to type 'OnboardingStep'.
src/components/onboarding/form.tsx(69,12): error TS2678: Type '"description"' is not comparable to type 'OnboardingStep'.
src/components/onboarding/form.tsx(71,12): error TS2678: Type '"location"' is not comparable to type 'OnboardingStep'.
src/components/onboarding/form.tsx(73,12): error TS2678: Type '"capacity"' is not comparable to type 'OnboardingStep'.
src/components/onboarding/form.tsx(75,12): error TS2678: Type '"price"' is not comparable to type 'OnboardingStep'.
src/components/onboarding/form.tsx(87,12): error TS2367: This comparison appears to be unintentional because the types 'OnboardingStep' and '"description"' have no overlap.
src/components/onboarding/form.tsx(88,12): error TS2367: This comparison appears to be unintentional because the types 'OnboardingStep' and '"location"' have no overlap.
src/components/onboarding/form.tsx(89,12): error TS2367: This comparison appears to be unintentional because the types 'OnboardingStep' and '"capacity"' have no overlap.
src/components/onboarding/form.tsx(90,12): error TS2367: This comparison appears to be unintentional because the types 'OnboardingStep' and '"price"' have no overlap.
src/components/onboarding/information/actions.ts(6,3): error TS2305: Module '"@/lib/auth-security"' has no exported member 'requireSchoolOwnership'.
src/components/onboarding/join/actions.ts(8,3): error TS2305: Module '"@/lib/auth-security"' has no exported member 'requireSchoolOwnership'.
src/components/onboarding/join/actions.ts(29,36): error TS2339: Property 'school' does not exist on type 'PrismaClient<PrismaClientOptions, never, DefaultArgs>'.
src/components/onboarding/join/actions.ts(58,29): error TS2339: Property 'school' does not exist on type 'PrismaClient<PrismaClientOptions, never, DefaultArgs>'.
src/components/onboarding/location/actions.ts(8,3): error TS2305: Module '"@/lib/auth-security"' has no exported member 'requireSchoolOwnership'.
src/components/onboarding/location/actions.ts(37,36): error TS2339: Property 'school' does not exist on type 'PrismaClient<PrismaClientOptions, never, DefaultArgs>'.
src/components/onboarding/location/actions.ts(62,29): error TS2339: Property 'school' does not exist on type 'PrismaClient<PrismaClientOptions, never, DefaultArgs>'.
src/components/onboarding/location/actions.ts(87,51): error TS7006: Parameter 'part' implicitly has an 'any' type.
src/components/onboarding/location/actions.ts(108,29): error TS2339: Property 'school' does not exist on type 'PrismaClient<PrismaClientOptions, never, DefaultArgs>'.
src/components/onboarding/overview/steps-overview-client.tsx(93,17): error TS2339: Property 'initializeSchoolSetup' does not exist on type 'typeof import("D:/repo/restaurant/src/components/onboarding/actions")'.
src/components/onboarding/subdomain/action.ts(6,3): error TS2305: Module '"@/lib/auth-security"' has no exported member 'requireSchoolOwnership'.
src/components/onboarding/subdomain/action.ts(25,39): error TS2339: Property 'school' does not exist on type 'PrismaClient<PrismaClientOptions, never, DefaultArgs>'.
src/components/onboarding/subdomain/action.ts(42,29): error TS2339: Property 'school' does not exist on type 'PrismaClient<PrismaClientOptions, never, DefaultArgs>'.
src/components/onboarding/subdomain/action.ts(60,37): error TS2339: Property 'school' does not exist on type 'PrismaClient<PrismaClientOptions, never, DefaultArgs>'.
src/components/onboarding/subdomain/action.ts(100,33): error TS2339: Property 'school' does not exist on type 'PrismaClient<PrismaClientOptions, never, DefaultArgs>'.
src/components/onboarding/subdomain/action.ts(114,35): error TS2339: Property 'school' does not exist on type 'PrismaClient<PrismaClientOptions, never, DefaultArgs>'.
src/components/onboarding/use-onboarding.ts(299,25): error TS2345: Argument of type '"description"' is not assignable to parameter of type 'OnboardingStep'.
src/components/onboarding/use-onboarding.ts(303,25): error TS2345: Argument of type '"location"' is not assignable to parameter of type 'OnboardingStep'.
src/components/onboarding/use-onboarding.ts(307,25): error TS2345: Argument of type '"capacity"' is not assignable to parameter of type 'OnboardingStep'.
src/components/onboarding/use-onboarding.ts(311,25): error TS2345: Argument of type '"branding"' is not assignable to parameter of type 'OnboardingStep'.
src/components/onboarding/use-onboarding.ts(315,25): error TS2345: Argument of type '"price"' is not assignable to parameter of type 'OnboardingStep'.
src/components/onboarding/use-optimized-listing.tsx(11,8): error TS2307: Cannot find module '@/lib/onboarding-optimization' or its corresponding type declarations.
src/components/onboarding/use-optimized-listing.tsx(256,5): error TS2322: Type '(id: string) => Promise<void | null>' is not assignable to type '(id: string) => Promise<void>'.
  Type 'Promise<void | null>' is not assignable to type 'Promise<void>'.
    Type 'void | null' is not assignable to type 'void'.
      Type 'null' is not assignable to type 'void'.
src/components/onboarding/util.ts(79,20): error TS2345: Argument of type '"description"' is not assignable to parameter of type 'OnboardingStep'.
src/components/onboarding/util.ts(84,20): error TS2345: Argument of type '"location"' is not assignable to parameter of type 'OnboardingStep'.
src/components/onboarding/util.ts(89,20): error TS2345: Argument of type '"capacity"' is not assignable to parameter of type 'OnboardingStep'.
src/components/onboarding/util.ts(94,20): error TS2345: Argument of type '"branding"' is not assignable to parameter of type 'OnboardingStep'.
src/components/onboarding/util.ts(99,20): error TS2345: Argument of type '"price"' is not assignable to parameter of type 'OnboardingStep'.
src/components/onboarding/validation.ts(256,12): error TS2678: Type '"description"' is not comparable to type 'OnboardingStep'.
src/components/onboarding/validation.ts(259,12): error TS2678: Type '"location"' is not comparable to type 'OnboardingStep'.
src/components/onboarding/validation.ts(262,12): error TS2678: Type '"capacity"' is not comparable to type 'OnboardingStep'.
src/components/onboarding/validation.ts(265,12): error TS2678: Type '"branding"' is not comparable to type 'OnboardingStep'.
src/components/onboarding/validation.ts(268,12): error TS2678: Type '"price"' is not comparable to type 'OnboardingStep'.
src/components/onboarding/validation.ts(271,12): error TS2678: Type '"legal"' is not comparable to type 'OnboardingStep'.
src/components/onboarding/validation.ts(297,10): error TS2678: Type '"description"' is not comparable to type 'OnboardingStep'.
src/components/onboarding/validation.ts(299,10): error TS2678: Type '"location"' is not comparable to type 'OnboardingStep'.
src/components/onboarding/validation.ts(301,10): error TS2678: Type '"capacity"' is not comparable to type 'OnboardingStep'.
src/components/onboarding/validation.ts(303,10): error TS2678: Type '"price"' is not comparable to type 'OnboardingStep'.
src/components/onboarding/validation.ts(305,10): error TS2678: Type '"legal"' is not comparable to type 'OnboardingStep'.
src/components/platform/config.ts(3,32): error TS2307: Cannot find module 'types' or its corresponding type declarations.
src/components/platform/config.ts(13,33): error TS2339: Property 'ADMIN' does not exist on type '{ PLATFORM_ADMIN: "PLATFORM_ADMIN"; OWNER: "OWNER"; MANAGER: "MANAGER"; CASHIER: "CASHIER"; WAITER: "WAITER"; CHEF: "CHEF"; DELIVERY: "DELIVERY"; USER: "USER"; }'.
src/components/platform/config.ts(28,33): error TS2339: Property 'ADMIN' does not exist on type '{ PLATFORM_ADMIN: "PLATFORM_ADMIN"; OWNER: "OWNER"; MANAGER: "MANAGER"; CASHIER: "CASHIER"; WAITER: "WAITER"; CHEF: "CHEF"; DELIVERY: "DELIVERY"; USER: "USER"; }'.
src/components/platform/dashboard/actions.ts(28,16): error TS2353: Object literal may only specify known properties, and 'domain' does not exist in type 'MerchantWhereUniqueInput'.
src/components/platform/dashboard/actions.ts(72,15): error TS2353: Object literal may only specify known properties, and 'domain' does not exist in type '(Without<MerchantUpdateInput, MerchantUncheckedUpdateInput> & MerchantUncheckedUpdateInput) | (Without<...> & MerchantUpdateInput)'.
src/components/platform/dashboard/actions.ts(99,9): error TS2353: Object literal may only specify known properties, and 'domain' does not exist in type 'MerchantSelect<DefaultArgs>'.
src/components/platform/dashboard/actions.ts(105,29): error TS2322: Type '{ id: string; type: MerchantType; name: string; email: string | null; phone: string; createdAt: Date; updatedAt: Date; nameAr: string | null; description: string | null; ... 21 more ...; ownerId: string; }[]' is not assignable to type '{ id: string; name: string; domain: string; isActive: boolean; }[]'.
  Type '{ id: string; type: MerchantType; name: string; email: string | null; phone: string; createdAt: Date; updatedAt: Date; nameAr: string | null; description: string | null; ... 21 more ...; ownerId: string; }' is missing the following properties from type '{ id: string; name: string; domain: string; isActive: boolean; }': domain, isActive
src/components/platform/dashboard/actions.ts(138,15): error TS2353: Object literal may only specify known properties, and 'domain' does not exist in type '(Without<MerchantUpdateInput, MerchantUncheckedUpdateInput> & MerchantUncheckedUpdateInput) | (Without<...> & MerchantUpdateInput)'.
src/components/platform/dashboard/actions.ts(164,16): error TS2353: Object literal may only specify known properties, and 'domain' does not exist in type 'MerchantWhereUniqueInput'.
src/components/platform/dashboard/actions.ts(168,9): error TS2353: Object literal may only specify known properties, and 'domain' does not exist in type 'MerchantSelect<DefaultArgs>'.
src/components/platform/dashboard/subdomain.ts(354,37): error TS2339: Property 'school' does not exist on type 'PrismaClient<PrismaClientOptions, never, DefaultArgs>'.
src/components/table/_components/delete-tasks-dialog.tsx(28,15): error TS2305: Module '"@prisma/client"' has no exported member 'Task'.
src/components/table/_components/tasks-table-action-bar.tsx(20,15): error TS2305: Module '"@prisma/client"' has no exported member 'Task'.
src/components/table/_components/tasks-table-columns.tsx(31,15): error TS2305: Module '"@prisma/client"' has no exported member 'Task'.
src/components/table/_components/tasks-table-toolbar-actions.tsx(6,15): error TS2305: Module '"@prisma/client"' has no exported member 'Task'.
src/components/table/_components/tasks-table.tsx(10,15): error TS2305: Module '"@prisma/client"' has no exported member 'Task'.
src/components/table/_components/update-task-sheet.tsx(18,15): error TS2305: Module '"@prisma/client"' has no exported member 'Task'.
src/components/table/_lib/actions.ts(5,15): error TS2305: Module '"@prisma/client"' has no exported member 'Task'.
src/components/table/_lib/actions.ts(24,14): error TS2339: Property 'task' does not exist on type 'PrismaClient<PrismaClientOptions, never, DefaultArgs>'.
src/components/table/_lib/actions.ts(28,14): error TS2339: Property 'task' does not exist on type 'PrismaClient<PrismaClientOptions, never, DefaultArgs>'.
src/components/table/_lib/actions.ts(41,32): error TS2339: Property 'task' does not exist on type 'Omit<PrismaClient<PrismaClientOptions, never, DefaultArgs>, "$connect" | "$disconnect" | "$on" | "$transaction" | "$use" | "$extends">'.
src/components/table/_lib/actions.ts(55,37): error TS2339: Property 'task' does not exist on type 'Omit<PrismaClient<PrismaClientOptions, never, DefaultArgs>, "$connect" | "$disconnect" | "$on" | "$transaction" | "$use" | "$extends">'.
src/components/table/_lib/actions.ts(70,18): error TS2339: Property 'task' does not exist on type 'Omit<PrismaClient<PrismaClientOptions, never, DefaultArgs>, "$connect" | "$disconnect" | "$on" | "$transaction" | "$use" | "$extends">'.
src/components/table/_lib/actions.ts(97,27): error TS2339: Property 'task' does not exist on type 'PrismaClient<PrismaClientOptions, never, DefaultArgs>'.
src/components/table/_lib/actions.ts(146,14): error TS2339: Property 'task' does not exist on type 'PrismaClient<PrismaClientOptions, never, DefaultArgs>'.
src/components/table/_lib/actions.ts(179,16): error TS2339: Property 'task' does not exist on type 'Omit<PrismaClient<PrismaClientOptions, never, DefaultArgs>, "$connect" | "$disconnect" | "$on" | "$transaction" | "$use" | "$extends">'.
src/components/table/_lib/actions.ts(186,16): error TS2339: Property 'task' does not exist on type 'Omit<PrismaClient<PrismaClientOptions, never, DefaultArgs>, "$connect" | "$disconnect" | "$on" | "$transaction" | "$use" | "$extends">'.
src/components/table/_lib/actions.ts(211,16): error TS2339: Property 'task' does not exist on type 'Omit<PrismaClient<PrismaClientOptions, never, DefaultArgs>, "$connect" | "$disconnect" | "$on" | "$transaction" | "$use" | "$extends">'.
src/components/table/_lib/actions.ts(220,16): error TS2339: Property 'task' does not exist on type 'Omit<PrismaClient<PrismaClientOptions, never, DefaultArgs>, "$connect" | "$disconnect" | "$on" | "$transaction" | "$use" | "$extends">'.
src/components/table/_lib/queries.ts(5,34): error TS2307: Cannot find module '@/components/operator/lib/tenant' or its corresponding type declarations.
src/components/table/_lib/queries.ts(30,34): error TS2724: '"D:/repo/restaurant/node_modules/.pnpm/@prisma+client@6.13.0_prism_bdfa0a116c809d1c1bb17854d7f9f700/node_modules/.prisma/client/index".Prisma' has no exported member named 'TaskWhereInput'. Did you mean 'TableWhereInput'?
src/components/table/_lib/queries.ts(75,28): error TS2724: '"D:/repo/restaurant/node_modules/.pnpm/@prisma+client@6.13.0_prism_bdfa0a116c809d1c1bb17854d7f9f700/node_modules/.prisma/client/index".Prisma' has no exported member named 'TaskWhereInput'. Did you mean 'TableWhereInput'?
src/components/table/_lib/queries.ts(78,31): error TS2724: '"D:/repo/restaurant/node_modules/.pnpm/@prisma+client@6.13.0_prism_bdfa0a116c809d1c1bb17854d7f9f700/node_modules/.prisma/client/index".Prisma' has no exported member named 'TaskOrderByWithRelationInput'. Did you mean 'TableOrderByWithRelationInput'?
src/components/table/_lib/queries.ts(86,14): error TS2339: Property 'task' does not exist on type 'PrismaClient<PrismaClientOptions, never, DefaultArgs>'.
src/components/table/_lib/queries.ts(92,14): error TS2339: Property 'task' does not exist on type 'PrismaClient<PrismaClientOptions, never, DefaultArgs>'.
src/components/table/_lib/queries.ts(122,34): error TS2339: Property 'task' does not exist on type 'PrismaClient<PrismaClientOptions, never, DefaultArgs>'.
src/components/table/_lib/queries.ts(131,12): error TS7006: Parameter 'acc' implicitly has an 'any' type.
src/components/table/_lib/queries.ts(131,19): error TS7031: Binding element 'status' implicitly has an 'any' type.
src/components/table/_lib/queries.ts(131,27): error TS7031: Binding element '_count' implicitly has an 'any' type.
src/components/table/_lib/queries.ts(170,34): error TS2339: Property 'task' does not exist on type 'PrismaClient<PrismaClientOptions, never, DefaultArgs>'.
src/components/table/_lib/queries.ts(179,12): error TS7006: Parameter 'acc' implicitly has an 'any' type.
src/components/table/_lib/queries.ts(179,19): error TS7031: Binding element 'priority' implicitly has an 'any' type.
src/components/table/_lib/queries.ts(179,29): error TS7031: Binding element '_count' implicitly has an 'any' type.
src/components/table/_lib/queries.ts(212,33): error TS2339: Property 'task' does not exist on type 'PrismaClient<PrismaClientOptions, never, DefaultArgs>'.
src/components/table/_lib/utils.ts(13,15): error TS2305: Module '"@prisma/client"' has no exported member 'Task'.
src/components/table/_lib/utils.ts(13,21): error TS2305: Module '"@prisma/client"' has no exported member 'TaskStatus'.
src/components/table/_lib/utils.ts(13,33): error TS2305: Module '"@prisma/client"' has no exported member 'TaskLabel'.
src/components/table/_lib/utils.ts(13,44): error TS2305: Module '"@prisma/client"' has no exported member 'TaskPriority'.
src/components/table/_lib/utils.ts(56,10): error TS7053: Element implicitly has an 'any' type because expression of type 'Task' can't be used to index type '{ canceled: ForwardRefExoticComponent<Omit<LucideProps, "ref"> & RefAttributes<SVGSVGElement>>; done: ForwardRefExoticComponent<...>; in_progress: ForwardRefExoticComponent<...>; todo: ForwardRefExoticComponent<...>; }'.
src/components/table/_lib/utils.ts(66,10): error TS7053: Element implicitly has an 'any' type because expression of type 'Task' can't be used to index type '{ high: ForwardRefExoticComponent<Omit<LucideProps, "ref"> & RefAttributes<SVGSVGElement>>; low: ForwardRefExoticComponent<...>; medium: ForwardRefExoticComponent<...>; }'.
src/components/table/_lib/validations.ts(10,15): error TS2305: Module '"@prisma/client"' has no exported member 'Task'.
src/components/table/lib/prisma-filter-columns.ts(10,30): error TS2724: '"D:/repo/restaurant/node_modules/.pnpm/@prisma+client@6.13.0_prism_bdfa0a116c809d1c1bb17854d7f9f700/node_modules/.prisma/client/index".Prisma' has no exported member named 'TaskWhereInput'. Did you mean 'TableWhereInput'?
src/components/table/lib/prisma-filter-columns.ts(23,48): error TS2724: '"D:/repo/restaurant/node_modules/.pnpm/@prisma+client@6.13.0_prism_bdfa0a116c809d1c1bb17854d7f9f700/node_modules/.prisma/client/index".Prisma' has no exported member named 'TaskWhereInput'. Did you mean 'TableWhereInput'?
src/components/template/dashboard-header/content.tsx(4,29): error TS2307: Cannot find module '@/components/operator/breadcrumbs' or its corresponding type declarations.
src/components/template/dashboard-header/content.tsx(7,33): error TS2307: Cannot find module '../../operator/impersonation-banner' or its corresponding type declarations.
src/components/template/platform-sidebar/content.tsx(21,15): error TS2305: Module '"@/components/site/types"' has no exported member 'School'.
src/components/template/saas-header/content.tsx(15,32): error TS2307: Cannot find module '@/components/operator/hooks/use-breadcrumbs' or its corresponding type declarations.
src/components/template/saas-header/content.tsx(29,41): error TS7006: Parameter 'item' implicitly has an 'any' type.
src/components/template/saas-header/content.tsx(29,47): error TS7006: Parameter 'index' implicitly has an 'any' type.
src/hooks/use-performance.ts(4,36): error TS2307: Cannot find module '@/lib/performance-monitor' or its corresponding type declarations.
src/lib/csv-import.ts(89,44): error TS2339: Property 'student' does not exist on type 'PrismaClient<PrismaClientOptions, never, DefaultArgs>'.
src/lib/csv-import.ts(113,15): error TS2322: Type '"STUDENT"' is not assignable to type 'UserRole | undefined'.
src/lib/csv-import.ts(124,36): error TS2339: Property 'student' does not exist on type 'PrismaClient<PrismaClientOptions, never, DefaultArgs>'.
src/lib/csv-import.ts(139,37): error TS2339: Property 'guardian' does not exist on type 'PrismaClient<PrismaClientOptions, never, DefaultArgs>'.
src/lib/csv-import.ts(156,19): error TS2322: Type '"GUARDIAN"' is not assignable to type 'UserRole | undefined'.
src/lib/csv-import.ts(167,35): error TS2339: Property 'guardian' does not exist on type 'PrismaClient<PrismaClientOptions, never, DefaultArgs>'.
src/lib/csv-import.ts(179,26): error TS2339: Property 'guardianPhoneNumber' does not exist on type 'PrismaClient<PrismaClientOptions, never, DefaultArgs>'.
src/lib/csv-import.ts(191,41): error TS2339: Property 'guardianType' does not exist on type 'PrismaClient<PrismaClientOptions, never, DefaultArgs>'.
src/lib/csv-import.ts(199,39): error TS2339: Property 'guardianType' does not exist on type 'PrismaClient<PrismaClientOptions, never, DefaultArgs>'.
src/lib/csv-import.ts(208,22): error TS2339: Property 'studentGuardian' does not exist on type 'PrismaClient<PrismaClientOptions, never, DefaultArgs>'.
src/lib/csv-import.ts(268,44): error TS2339: Property 'teacher' does not exist on type 'PrismaClient<PrismaClientOptions, never, DefaultArgs>'.
src/lib/csv-import.ts(289,15): error TS2353: Object literal may only specify known properties, and 'schoolId' does not exist in type 'UserWhereInput'.
src/lib/csv-import.ts(310,15): error TS2322: Type '"TEACHER"' is not assignable to type 'UserRole | undefined'.
src/lib/csv-import.ts(321,36): error TS2339: Property 'teacher' does not exist on type 'PrismaClient<PrismaClientOptions, never, DefaultArgs>'.
src/lib/csv-import.ts(334,22): error TS2339: Property 'teacherPhoneNumber' does not exist on type 'PrismaClient<PrismaClientOptions, never, DefaultArgs>'.
src/lib/csv-import.ts(346,41): error TS2339: Property 'department' does not exist on type 'PrismaClient<PrismaClientOptions, never, DefaultArgs>'.
src/lib/csv-import.ts(354,24): error TS2339: Property 'teacherDepartment' does not exist on type 'PrismaClient<PrismaClientOptions, never, DefaultArgs>'.
src/lib/db-performance.ts(7,36): error TS2307: Cannot find module './performance-monitor' or its corresponding type declarations.
src/lib/db-performance.ts(102,37): error TS7006: Parameter 'metric' implicitly has an 'any' type.
src/lib/merchant-access.ts(341,9): error TS2353: Object literal may only specify known properties, and 'GUARDIAN' does not exist in type 'Record<UserRole, number>'.
src/lib/onboarding-auth.ts(23,17): error TS2353: Object literal may only specify known properties, and 'schoolId' does not exist in type 'UserSelect<DefaultArgs>'.
src/lib/onboarding-auth.ts(26,15): error TS2339: Property 'schoolId' does not exist on type '{ id: string; username: string | null; email: string | null; emailVerified: Date | null; image: string | null; password: string | null; role: UserRole; phone: string | null; ... 8 more ...; updatedAt: Date; }'.
src/lib/onboarding-auth.ts(32,29): error TS2339: Property 'school' does not exist on type 'PrismaClient<PrismaClientOptions, never, DefaultArgs>'.
src/lib/onboarding-auth.ts(92,29): error TS2339: Property 'school' does not exist on type 'PrismaClient<PrismaClientOptions, never, DefaultArgs>'.
src/lib/onboarding-auth.ts(124,29): error TS2339: Property 'school' does not exist on type 'PrismaClient<PrismaClientOptions, never, DefaultArgs>'.
src/middleware.ts(7,18): error TS2305: Module '"@/lib/logger"' has no exported member 'generateRequestId'.
src/middleware.ts(120,34): error TS2339: Property 'restaurantId' does not exist on type '{ id: string; role: string; schoolId?: string | undefined; isTwoFactorEnabled: boolean; isOAuth: boolean; } & User'.
src/middleware.ts(152,34): error TS2339: Property 'restaurantId' does not exist on type '{ id: string; role: string; schoolId?: string | undefined; isTwoFactorEnabled: boolean; isOAuth: boolean; } & User'.
src/middleware.ts(179,58): error TS2339: Property 'restaurantId' does not exist on type '{ id: string; role: string; schoolId?: string | undefined; isTwoFactorEnabled: boolean; isOAuth: boolean; } & User'.
src/middleware.ts(225,39): error TS2339: Property 'restaurantId' does not exist on type '{ id: string; role: string; schoolId?: string | undefined; isTwoFactorEnabled: boolean; isOAuth: boolean; } & User'.
